// Vitest Snapshot v1, https://vitest.dev/guide/snapshot.html

exports[`HiramekiRelayStack > keeps the synthesized CloudFormation template stable 1`] = `
{
  "Outputs": {
    "DistributionDomainName": {
      "Value": {
        "Fn::GetAtt": [
          "Distribution830FAC52",
          "DomainName",
        ],
      },
    },
    "DistributionId": {
      "Value": {
        "Ref": "Distribution830FAC52",
      },
    },
    "SiteBucketName": {
      "Value": {
        "Ref": "SiteBucket397A1860",
      },
    },
  },
  "Parameters": {
    "BootstrapVersion": {
      "Default": "/cdk-bootstrap/hnb659fds/version",
      "Description": "Version of the CDK Bootstrap resources in this environment, automatically retrieved from SSM Parameter Store. [cdk:skip]",
      "Type": "AWS::SSM::Parameter::Value<String>",
    },
  },
  "Resources": {
    "ApiFunctionCE271BD4": {
      "DependsOn": [
        "ApiFunctionServiceRoleDefaultPolicy20A32B8D",
        "ApiFunctionServiceRole52B9747B",
      ],
      "Properties": {
        "Architectures": [
          "arm64",
        ],
        "Code": {
          "S3Bucket": {
            "Fn::Sub": "cdk-hnb659fds-assets-\${AWS::AccountId}-\${AWS::Region}",
          },
          "S3Key": "<asset-hash>.zip",
        },
        "Environment": {
          "Variables": {
            "CONNECTION_TABLE_NAME": {
              "Ref": "ConnectionTable0C6E1E44",
            },
            "GAME_TABLE_NAME": {
              "Ref": "GameTable0C79FC62",
            },
            "WEBSOCKET_MANAGEMENT_ENDPOINT": {
              "Fn::Join": [
                "",
                [
                  "https://",
                  {
                    "Fn::Select": [
                      2,
                      {
                        "Fn::Split": [
                          "/",
                          {
                            "Fn::Join": [
                              "",
                              [
                                "wss://",
                                {
                                  "Ref": "WebSocketApi34BCF99B",
                                },
                                ".execute-api.",
                                {
                                  "Ref": "AWS::Region",
                                },
                                ".",
                                {
                                  "Ref": "AWS::URLSuffix",
                                },
                                "/v1",
                              ],
                            ],
                          },
                        ],
                      },
                    ],
                  },
                  "/v1",
                ],
              ],
            },
            "WEBSOCKET_URL": {
              "Fn::Join": [
                "",
                [
                  "wss://",
                  {
                    "Ref": "WebSocketApi34BCF99B",
                  },
                  ".execute-api.",
                  {
                    "Ref": "AWS::Region",
                  },
                  ".",
                  {
                    "Ref": "AWS::URLSuffix",
                  },
                  "/v1",
                ],
              ],
            },
          },
        },
        "Handler": "handler.handler",
        "LoggingConfig": {
          "LogFormat": "JSON",
          "LogGroup": {
            "Ref": "ApplicationLambdaLogGroup59F70C75",
          },
        },
        "MemorySize": 256,
        "Role": {
          "Fn::GetAtt": [
            "ApiFunctionServiceRole52B9747B",
            "Arn",
          ],
        },
        "Runtime": "nodejs22.x",
        "Timeout": 10,
      },
      "Type": "AWS::Lambda::Function",
    },
    "ApiFunctionServiceRole52B9747B": {
      "Properties": {
        "AssumeRolePolicyDocument": {
          "Statement": [
            {
              "Action": "sts:AssumeRole",
              "Effect": "Allow",
              "Principal": {
                "Service": "lambda.amazonaws.com",
              },
            },
          ],
          "Version": "2012-10-17",
        },
        "ManagedPolicyArns": [
          {
            "Fn::Join": [
              "",
              [
                "arn:",
                {
                  "Ref": "AWS::Partition",
                },
                ":iam::aws:policy/service-role/AWSLambdaBasicExecutionRole",
              ],
            ],
          },
        ],
      },
      "Type": "AWS::IAM::Role",
    },
    "ApiFunctionServiceRoleDefaultPolicy20A32B8D": {
      "Properties": {
        "PolicyDocument": {
          "Statement": [
            {
              "Action": [
                "dynamodb:BatchGetItem",
                "dynamodb:Query",
                "dynamodb:GetItem",
                "dynamodb:Scan",
                "dynamodb:ConditionCheckItem",
                "dynamodb:BatchWriteItem",
                "dynamodb:PutItem",
                "dynamodb:UpdateItem",
                "dynamodb:DeleteItem",
                "dynamodb:DescribeTable",
              ],
              "Effect": "Allow",
              "Resource": [
                {
                  "Fn::GetAtt": [
                    "GameTable0C79FC62",
                    "Arn",
                  ],
                },
              ],
            },
            {
              "Action": [
                "dynamodb:GetRecords",
                "dynamodb:GetShardIterator",
              ],
              "Effect": "Allow",
              "Resource": [
                {
                  "Fn::GetAtt": [
                    "GameTable0C79FC62",
                    "Arn",
                  ],
                },
              ],
            },
            {
              "Action": [
                "dynamodb:BatchGetItem",
                "dynamodb:Query",
                "dynamodb:GetItem",
                "dynamodb:Scan",
                "dynamodb:ConditionCheckItem",
                "dynamodb:BatchWriteItem",
                "dynamodb:PutItem",
                "dynamodb:UpdateItem",
                "dynamodb:DeleteItem",
                "dynamodb:DescribeTable",
              ],
              "Effect": "Allow",
              "Resource": [
                {
                  "Fn::GetAtt": [
                    "ConnectionTable0C6E1E44",
                    "Arn",
                  ],
                },
                {
                  "Fn::Join": [
                    "",
                    [
                      {
                        "Fn::GetAtt": [
                          "ConnectionTable0C6E1E44",
                          "Arn",
                        ],
                      },
                      "/index/*",
                    ],
                  ],
                },
              ],
            },
            {
              "Action": [
                "dynamodb:GetRecords",
                "dynamodb:GetShardIterator",
              ],
              "Effect": "Allow",
              "Resource": [
                {
                  "Fn::GetAtt": [
                    "ConnectionTable0C6E1E44",
                    "Arn",
                  ],
                },
                {
                  "Fn::Join": [
                    "",
                    [
                      {
                        "Fn::GetAtt": [
                          "ConnectionTable0C6E1E44",
                          "Arn",
                        ],
                      },
                      "/index/*",
                    ],
                  ],
                },
              ],
            },
            {
              "Action": "execute-api:ManageConnections",
              "Effect": "Allow",
              "Resource": {
                "Fn::Join": [
                  "",
                  [
                    "arn:",
                    {
                      "Ref": "AWS::Partition",
                    },
                    ":execute-api:",
                    {
                      "Ref": "AWS::Region",
                    },
                    ":",
                    {
                      "Ref": "AWS::AccountId",
                    },
                    ":",
                    {
                      "Ref": "WebSocketApi34BCF99B",
                    },
                    "/*/*/@connections/*",
                  ],
                ],
              },
            },
          ],
          "Version": "2012-10-17",
        },
        "PolicyName": "ApiFunctionServiceRoleDefaultPolicy20A32B8D",
        "Roles": [
          {
            "Ref": "ApiFunctionServiceRole52B9747B",
          },
        ],
      },
      "Type": "AWS::IAM::Policy",
    },
    "ApplicationLambdaLogGroup59F70C75": {
      "DeletionPolicy": "Retain",
      "Properties": {
        "LogGroupName": "/hirameki-relay/lambda",
        "RetentionInDays": 731,
      },
      "Type": "AWS::Logs::LogGroup",
      "UpdateReplacePolicy": "Retain",
    },
    "ConnectionTable0C6E1E44": {
      "DeletionPolicy": "Retain",
      "Properties": {
        "AttributeDefinitions": [
          {
            "AttributeName": "connectionId",
            "AttributeType": "S",
          },
          {
            "AttributeName": "GSI1PK",
            "AttributeType": "S",
          },
          {
            "AttributeName": "GSI1SK",
            "AttributeType": "S",
          },
        ],
        "BillingMode": "PAY_PER_REQUEST",
        "GlobalSecondaryIndexes": [
          {
            "IndexName": "ByRoom",
            "KeySchema": [
              {
                "AttributeName": "GSI1PK",
                "KeyType": "HASH",
              },
              {
                "AttributeName": "GSI1SK",
                "KeyType": "RANGE",
              },
            ],
            "Projection": {
              "ProjectionType": "ALL",
            },
          },
        ],
        "KeySchema": [
          {
            "AttributeName": "connectionId",
            "KeyType": "HASH",
          },
        ],
        "TimeToLiveSpecification": {
          "AttributeName": "ttl",
          "Enabled": true,
        },
      },
      "Type": "AWS::DynamoDB::Table",
      "UpdateReplacePolicy": "Retain",
    },
    "CustomCDKBucketDeployment8693BB64968944B69AAFB0CC9EB8756C81C01536": {
      "DependsOn": [
        "CustomCDKBucketDeployment8693BB64968944B69AAFB0CC9EB8756CServiceRoleDefaultPolicy88902FDF",
        "CustomCDKBucketDeployment8693BB64968944B69AAFB0CC9EB8756CServiceRole89A01265",
      ],
      "Properties": {
        "Code": {
          "S3Bucket": {
            "Fn::Sub": "cdk-hnb659fds-assets-\${AWS::AccountId}-\${AWS::Region}",
          },
          "S3Key": "<asset-hash>.zip",
        },
        "Environment": {
          "Variables": {
            "AWS_CA_BUNDLE": "/etc/pki/ca-trust/extracted/pem/tls-ca-bundle.pem",
          },
        },
        "Handler": "index.handler",
        "Layers": [
          {
            "Ref": "SiteDeploymentAwsCliLayerADBDEF4E",
          },
        ],
        "Role": {
          "Fn::GetAtt": [
            "CustomCDKBucketDeployment8693BB64968944B69AAFB0CC9EB8756CServiceRole89A01265",
            "Arn",
          ],
        },
        "Runtime": "python3.13",
        "Timeout": 900,
      },
      "Type": "AWS::Lambda::Function",
    },
    "CustomCDKBucketDeployment8693BB64968944B69AAFB0CC9EB8756CServiceRole89A01265": {
      "Properties": {
        "AssumeRolePolicyDocument": {
          "Statement": [
            {
              "Action": "sts:AssumeRole",
              "Effect": "Allow",
              "Principal": {
                "Service": "lambda.amazonaws.com",
              },
            },
          ],
          "Version": "2012-10-17",
        },
        "ManagedPolicyArns": [
          {
            "Fn::Join": [
              "",
              [
                "arn:",
                {
                  "Ref": "AWS::Partition",
                },
                ":iam::aws:policy/service-role/AWSLambdaBasicExecutionRole",
              ],
            ],
          },
        ],
      },
      "Type": "AWS::IAM::Role",
    },
    "CustomCDKBucketDeployment8693BB64968944B69AAFB0CC9EB8756CServiceRoleDefaultPolicy88902FDF": {
      "Properties": {
        "PolicyDocument": {
          "Statement": [
            {
              "Action": [
                "s3:GetObject*",
                "s3:GetBucket*",
                "s3:List*",
              ],
              "Effect": "Allow",
              "Resource": [
                {
                  "Fn::Join": [
                    "",
                    [
                      "arn:",
                      {
                        "Ref": "AWS::Partition",
                      },
                      ":s3:::",
                      {
                        "Fn::Sub": "cdk-hnb659fds-assets-\${AWS::AccountId}-\${AWS::Region}",
                      },
                    ],
                  ],
                },
                {
                  "Fn::Join": [
                    "",
                    [
                      "arn:",
                      {
                        "Ref": "AWS::Partition",
                      },
                      ":s3:::",
                      {
                        "Fn::Sub": "cdk-hnb659fds-assets-\${AWS::AccountId}-\${AWS::Region}",
                      },
                      "/*",
                    ],
                  ],
                },
              ],
            },
            {
              "Action": [
                "s3:GetObject*",
                "s3:GetBucket*",
                "s3:List*",
                "s3:DeleteObject*",
                "s3:PutObject",
                "s3:PutObjectLegalHold",
                "s3:PutObjectRetention",
                "s3:PutObjectTagging",
                "s3:PutObjectVersionTagging",
                "s3:Abort*",
              ],
              "Effect": "Allow",
              "Resource": [
                {
                  "Fn::GetAtt": [
                    "SiteBucket397A1860",
                    "Arn",
                  ],
                },
                {
                  "Fn::Join": [
                    "",
                    [
                      {
                        "Fn::GetAtt": [
                          "SiteBucket397A1860",
                          "Arn",
                        ],
                      },
                      "/*",
                    ],
                  ],
                },
              ],
            },
            {
              "Action": [
                "cloudfront:GetInvalidation",
                "cloudfront:CreateInvalidation",
              ],
              "Effect": "Allow",
              "Resource": "*",
            },
          ],
          "Version": "2012-10-17",
        },
        "PolicyName": "CustomCDKBucketDeployment8693BB64968944B69AAFB0CC9EB8756CServiceRoleDefaultPolicy88902FDF",
        "Roles": [
          {
            "Ref": "CustomCDKBucketDeployment8693BB64968944B69AAFB0CC9EB8756CServiceRole89A01265",
          },
        ],
      },
      "Type": "AWS::IAM::Policy",
    },
    "Distribution830FAC52": {
      "Properties": {
        "DistributionConfig": {
          "CacheBehaviors": [
            {
              "AllowedMethods": [
                "GET",
                "HEAD",
                "OPTIONS",
                "PUT",
                "PATCH",
                "POST",
                "DELETE",
              ],
              "CachePolicyId": "4135ea2d-6df8-44a3-9df3-4b5a84be39ad",
              "Compress": true,
              "PathPattern": "api/*",
              "TargetOriginId": "TestStackDistributionOrigin2492FC429",
              "ViewerProtocolPolicy": "redirect-to-https",
            },
            {
              "AllowedMethods": [
                "GET",
                "HEAD",
                "OPTIONS",
                "PUT",
                "PATCH",
                "POST",
                "DELETE",
              ],
              "CachePolicyId": "4135ea2d-6df8-44a3-9df3-4b5a84be39ad",
              "Compress": true,
              "PathPattern": "ws/*",
              "TargetOriginId": "TestStackDistributionOrigin39619B3BC",
              "ViewerProtocolPolicy": "redirect-to-https",
            },
          ],
          "DefaultCacheBehavior": {
            "CachePolicyId": "658327ea-f89d-4fab-a63d-7e88639e58f6",
            "Compress": true,
            "FunctionAssociations": [
              {
                "EventType": "viewer-request",
                "FunctionARN": {
                  "Fn::GetAtt": [
                    "SpaRewriteFunction0C4DA631",
                    "FunctionARN",
                  ],
                },
              },
            ],
            "TargetOriginId": "TestStackDistributionOrigin1B0A090BF",
            "ViewerProtocolPolicy": "redirect-to-https",
          },
          "DefaultRootObject": "index.html",
          "Enabled": true,
          "HttpVersion": "http2",
          "IPV6Enabled": true,
          "Origins": [
            {
              "DomainName": {
                "Fn::GetAtt": [
                  "SiteBucket397A1860",
                  "RegionalDomainName",
                ],
              },
              "Id": "TestStackDistributionOrigin1B0A090BF",
              "OriginAccessControlId": {
                "Fn::GetAtt": [
                  "DistributionOrigin1S3OriginAccessControlEB606076",
                  "Id",
                ],
              },
              "S3OriginConfig": {
                "OriginAccessIdentity": "",
              },
            },
            {
              "CustomOriginConfig": {
                "OriginProtocolPolicy": "https-only",
                "OriginSSLProtocols": [
                  "TLSv1.2",
                ],
              },
              "DomainName": {
                "Fn::Select": [
                  2,
                  {
                    "Fn::Split": [
                      "/",
                      {
                        "Fn::GetAtt": [
                          "HttpApiF5A9A8A7",
                          "ApiEndpoint",
                        ],
                      },
                    ],
                  },
                ],
              },
              "Id": "TestStackDistributionOrigin2492FC429",
            },
            {
              "CustomOriginConfig": {
                "OriginProtocolPolicy": "https-only",
                "OriginSSLProtocols": [
                  "TLSv1.2",
                ],
              },
              "DomainName": {
                "Fn::Select": [
                  2,
                  {
                    "Fn::Split": [
                      "/",
                      {
                        "Fn::Join": [
                          "",
                          [
                            "wss://",
                            {
                              "Ref": "WebSocketApi34BCF99B",
                            },
                            ".execute-api.",
                            {
                              "Ref": "AWS::Region",
                            },
                            ".",
                            {
                              "Ref": "AWS::URLSuffix",
                            },
                            "/v1",
                          ],
                        ],
                      },
                    ],
                  },
                ],
              },
              "Id": "TestStackDistributionOrigin39619B3BC",
              "OriginPath": "/v1",
            },
          ],
        },
      },
      "Type": "AWS::CloudFront::Distribution",
    },
    "DistributionOrigin1S3OriginAccessControlEB606076": {
      "Properties": {
        "OriginAccessControlConfig": {
          "Name": "TestStackDistributionOrigin1S3OriginAccessControl466A8947",
          "OriginAccessControlOriginType": "s3",
          "SigningBehavior": "always",
          "SigningProtocol": "sigv4",
        },
      },
      "Type": "AWS::CloudFront::OriginAccessControl",
    },
    "GameTable0C79FC62": {
      "DeletionPolicy": "Retain",
      "Properties": {
        "AttributeDefinitions": [
          {
            "AttributeName": "PK",
            "AttributeType": "S",
          },
          {
            "AttributeName": "SK",
            "AttributeType": "S",
          },
        ],
        "BillingMode": "PAY_PER_REQUEST",
        "KeySchema": [
          {
            "AttributeName": "PK",
            "KeyType": "HASH",
          },
          {
            "AttributeName": "SK",
            "KeyType": "RANGE",
          },
        ],
        "TimeToLiveSpecification": {
          "AttributeName": "ttl",
          "Enabled": true,
        },
      },
      "Type": "AWS::DynamoDB::Table",
      "UpdateReplacePolicy": "Retain",
    },
    "HttpApiANYapiproxy20978A2B": {
      "Properties": {
        "ApiId": {
          "Ref": "HttpApiF5A9A8A7",
        },
        "AuthorizationType": "NONE",
        "RouteKey": "ANY /api/{proxy+}",
        "Target": {
          "Fn::Join": [
            "",
            [
              "integrations/",
              {
                "Ref": "HttpApiANYapiproxyApiIntegrationE4FFE0AC",
              },
            ],
          ],
        },
      },
      "Type": "AWS::ApiGatewayV2::Route",
    },
    "HttpApiANYapiproxyApiIntegrationE4FFE0AC": {
      "Properties": {
        "ApiId": {
          "Ref": "HttpApiF5A9A8A7",
        },
        "IntegrationType": "AWS_PROXY",
        "IntegrationUri": {
          "Fn::GetAtt": [
            "ApiFunctionCE271BD4",
            "Arn",
          ],
        },
        "PayloadFormatVersion": "2.0",
      },
      "Type": "AWS::ApiGatewayV2::Integration",
    },
    "HttpApiANYapiproxyApiIntegrationPermission37A64BBC": {
      "Properties": {
        "Action": "lambda:InvokeFunction",
        "FunctionName": {
          "Fn::GetAtt": [
            "ApiFunctionCE271BD4",
            "Arn",
          ],
        },
        "Principal": "apigateway.amazonaws.com",
        "SourceArn": {
          "Fn::Join": [
            "",
            [
              "arn:",
              {
                "Ref": "AWS::Partition",
              },
              ":execute-api:",
              {
                "Ref": "AWS::Region",
              },
              ":",
              {
                "Ref": "AWS::AccountId",
              },
              ":",
              {
                "Ref": "HttpApiF5A9A8A7",
              },
              "/*/*/api/{proxy+}",
            ],
          ],
        },
      },
      "Type": "AWS::Lambda::Permission",
    },
    "HttpApiDefaultStage3EEB07D6": {
      "Properties": {
        "ApiId": {
          "Ref": "HttpApiF5A9A8A7",
        },
        "AutoDeploy": true,
        "StageName": "$default",
      },
      "Type": "AWS::ApiGatewayV2::Stage",
    },
    "HttpApiF5A9A8A7": {
      "Properties": {
        "Name": "hirameki-relay-http-api",
        "ProtocolType": "HTTP",
      },
      "Type": "AWS::ApiGatewayV2::Api",
    },
    "SiteBucket397A1860": {
      "DeletionPolicy": "Retain",
      "Properties": {
        "BucketEncryption": {
          "ServerSideEncryptionConfiguration": [
            {
              "ServerSideEncryptionByDefault": {
                "SSEAlgorithm": "AES256",
              },
            },
          ],
        },
        "PublicAccessBlockConfiguration": {
          "BlockPublicAcls": true,
          "BlockPublicPolicy": true,
          "IgnorePublicAcls": true,
          "RestrictPublicBuckets": true,
        },
        "Tags": [
          {
            "Key": "aws-cdk:cr-owned:a0266a49",
            "Value": "true",
          },
        ],
      },
      "Type": "AWS::S3::Bucket",
      "UpdateReplacePolicy": "Retain",
    },
    "SiteBucketPolicy3AC1D0F8": {
      "Properties": {
        "Bucket": {
          "Ref": "SiteBucket397A1860",
        },
        "PolicyDocument": {
          "Statement": [
            {
              "Action": "s3:*",
              "Condition": {
                "Bool": {
                  "aws:SecureTransport": "false",
                },
              },
              "Effect": "Deny",
              "Principal": {
                "AWS": "*",
              },
              "Resource": [
                {
                  "Fn::GetAtt": [
                    "SiteBucket397A1860",
                    "Arn",
                  ],
                },
                {
                  "Fn::Join": [
                    "",
                    [
                      {
                        "Fn::GetAtt": [
                          "SiteBucket397A1860",
                          "Arn",
                        ],
                      },
                      "/*",
                    ],
                  ],
                },
              ],
            },
            {
              "Action": "s3:GetObject",
              "Condition": {
                "StringEquals": {
                  "AWS:SourceArn": {
                    "Fn::Join": [
                      "",
                      [
                        "arn:",
                        {
                          "Ref": "AWS::Partition",
                        },
                        ":cloudfront::",
                        {
                          "Ref": "AWS::AccountId",
                        },
                        ":distribution/",
                        {
                          "Ref": "Distribution830FAC52",
                        },
                      ],
                    ],
                  },
                },
              },
              "Effect": "Allow",
              "Principal": {
                "Service": "cloudfront.amazonaws.com",
              },
              "Resource": {
                "Fn::Join": [
                  "",
                  [
                    {
                      "Fn::GetAtt": [
                        "SiteBucket397A1860",
                        "Arn",
                      ],
                    },
                    "/*",
                  ],
                ],
              },
            },
          ],
          "Version": "2012-10-17",
        },
      },
      "Type": "AWS::S3::BucketPolicy",
    },
    "SiteDeploymentAwsCliLayerADBDEF4E": {
      "Properties": {
        "Content": {
          "S3Bucket": {
            "Fn::Sub": "cdk-hnb659fds-assets-\${AWS::AccountId}-\${AWS::Region}",
          },
          "S3Key": "<asset-hash>.zip",
        },
        "Description": "/opt/awscli/aws",
      },
      "Type": "AWS::Lambda::LayerVersion",
    },
    "SiteDeploymentCustomResource42D55606": {
      "DeletionPolicy": "Delete",
      "Properties": {
        "DestinationBucketName": {
          "Ref": "SiteBucket397A1860",
        },
        "DistributionId": {
          "Ref": "Distribution830FAC52",
        },
        "DistributionPaths": [
          "/*",
        ],
        "OutputObjectKeys": true,
        "Prune": true,
        "ServiceToken": {
          "Fn::GetAtt": [
            "CustomCDKBucketDeployment8693BB64968944B69AAFB0CC9EB8756C81C01536",
            "Arn",
          ],
        },
        "SourceBucketNames": [
          {
            "Fn::Sub": "cdk-hnb659fds-assets-\${AWS::AccountId}-\${AWS::Region}",
          },
        ],
        "SourceObjectKeys": [
          "<asset-hash>.zip",
        ],
        "WaitForDistributionInvalidation": true,
      },
      "Type": "Custom::CDKBucketDeployment",
      "UpdateReplacePolicy": "Delete",
    },
    "SpaRewriteFunction0C4DA631": {
      "Properties": {
        "AutoPublish": true,
        "FunctionCode": "
function handler(event) {
  var request = event.request;
  var uri = request.uri;

  if (uri === "/") {
    return request;
  }

  if (!uri.includes(".") && !uri.startsWith("/api/") && !uri.startsWith("/ws/")) {
    request.uri = "/index.html";
  }

  return request;
}
",
        "FunctionConfig": {
          "Comment": {
            "Fn::Join": [
              "",
              [
                {
                  "Ref": "AWS::Region",
                },
                "TestStackSpaRewriteFunctionB02A7D1E",
              ],
            ],
          },
          "Runtime": "cloudfront-js-1.0",
        },
        "Name": {
          "Fn::Join": [
            "",
            [
              {
                "Ref": "AWS::Region",
              },
              "TestStackSpaRewriteFunctionB02A7D1E",
            ],
          ],
        },
      },
      "Type": "AWS::CloudFront::Function",
    },
    "WebSocketApi34BCF99B": {
      "Properties": {
        "Name": "hirameki-relay-websocket-api",
        "ProtocolType": "WEBSOCKET",
        "RouteSelectionExpression": "$request.body.action",
      },
      "Type": "AWS::ApiGatewayV2::Api",
    },
    "WebSocketApiconnectRoute846149DD": {
      "Properties": {
        "ApiId": {
          "Ref": "WebSocketApi34BCF99B",
        },
        "AuthorizationType": "NONE",
        "RouteKey": "$connect",
        "Target": {
          "Fn::Join": [
            "",
            [
              "integrations/",
              {
                "Ref": "WebSocketApiconnectRouteConnectIntegration7F1E0FDE",
              },
            ],
          ],
        },
      },
      "Type": "AWS::ApiGatewayV2::Route",
    },
    "WebSocketApiconnectRouteConnectIntegration7F1E0FDE": {
      "Properties": {
        "ApiId": {
          "Ref": "WebSocketApi34BCF99B",
        },
        "IntegrationType": "AWS_PROXY",
        "IntegrationUri": {
          "Fn::Join": [
            "",
            [
              "arn:",
              {
                "Ref": "AWS::Partition",
              },
              ":apigateway:",
              {
                "Ref": "AWS::Region",
              },
              ":lambda:path/2015-03-31/functions/",
              {
                "Fn::GetAtt": [
                  "WsConnectFunction1B8FD7A0",
                  "Arn",
                ],
              },
              "/invocations",
            ],
          ],
        },
      },
      "Type": "AWS::ApiGatewayV2::Integration",
    },
    "WebSocketApiconnectRouteConnectIntegrationPermission39398969": {
      "Properties": {
        "Action": "lambda:InvokeFunction",
        "FunctionName": {
          "Fn::GetAtt": [
            "WsConnectFunction1B8FD7A0",
            "Arn",
          ],
        },
        "Principal": "apigateway.amazonaws.com",
        "SourceArn": {
          "Fn::Join": [
            "",
            [
              "arn:",
              {
                "Ref": "AWS::Partition",
              },
              ":execute-api:",
              {
                "Ref": "AWS::Region",
              },
              ":",
              {
                "Ref": "AWS::AccountId",
              },
              ":",
              {
                "Ref": "WebSocketApi34BCF99B",
              },
              "/*$connect",
            ],
          ],
        },
      },
      "Type": "AWS::Lambda::Permission",
    },
    "WebSocketApidefaultRoute05EFD2FA": {
      "Properties": {
        "ApiId": {
          "Ref": "WebSocketApi34BCF99B",
        },
        "AuthorizationType": "NONE",
        "RouteKey": "$default",
        "Target": {
          "Fn::Join": [
            "",
            [
              "integrations/",
              {
                "Ref": "WebSocketApidefaultRouteDefaultIntegration0865A209",
              },
            ],
          ],
        },
      },
      "Type": "AWS::ApiGatewayV2::Route",
    },
    "WebSocketApidefaultRouteDefaultIntegration0865A209": {
      "Properties": {
        "ApiId": {
          "Ref": "WebSocketApi34BCF99B",
        },
        "IntegrationType": "AWS_PROXY",
        "IntegrationUri": {
          "Fn::Join": [
            "",
            [
              "arn:",
              {
                "Ref": "AWS::Partition",
              },
              ":apigateway:",
              {
                "Ref": "AWS::Region",
              },
              ":lambda:path/2015-03-31/functions/",
              {
                "Fn::GetAtt": [
                  "WsMessageFunction3772EA9D",
                  "Arn",
                ],
              },
              "/invocations",
            ],
          ],
        },
      },
      "Type": "AWS::ApiGatewayV2::Integration",
    },
    "WebSocketApidefaultRouteDefaultIntegrationPermission0418F15D": {
      "Properties": {
        "Action": "lambda:InvokeFunction",
        "FunctionName": {
          "Fn::GetAtt": [
            "WsMessageFunction3772EA9D",
            "Arn",
          ],
        },
        "Principal": "apigateway.amazonaws.com",
        "SourceArn": {
          "Fn::Join": [
            "",
            [
              "arn:",
              {
                "Ref": "AWS::Partition",
              },
              ":execute-api:",
              {
                "Ref": "AWS::Region",
              },
              ":",
              {
                "Ref": "AWS::AccountId",
              },
              ":",
              {
                "Ref": "WebSocketApi34BCF99B",
              },
              "/*$default",
            ],
          ],
        },
      },
      "Type": "AWS::Lambda::Permission",
    },
    "WebSocketApidisconnectRouteC181A19C": {
      "Properties": {
        "ApiId": {
          "Ref": "WebSocketApi34BCF99B",
        },
        "AuthorizationType": "NONE",
        "RouteKey": "$disconnect",
        "Target": {
          "Fn::Join": [
            "",
            [
              "integrations/",
              {
                "Ref": "WebSocketApidisconnectRouteDisconnectIntegration94C91381",
              },
            ],
          ],
        },
      },
      "Type": "AWS::ApiGatewayV2::Route",
    },
    "WebSocketApidisconnectRouteDisconnectIntegration94C91381": {
      "Properties": {
        "ApiId": {
          "Ref": "WebSocketApi34BCF99B",
        },
        "IntegrationType": "AWS_PROXY",
        "IntegrationUri": {
          "Fn::Join": [
            "",
            [
              "arn:",
              {
                "Ref": "AWS::Partition",
              },
              ":apigateway:",
              {
                "Ref": "AWS::Region",
              },
              ":lambda:path/2015-03-31/functions/",
              {
                "Fn::GetAtt": [
                  "WsDisconnectFunction340F3D71",
                  "Arn",
                ],
              },
              "/invocations",
            ],
          ],
        },
      },
      "Type": "AWS::ApiGatewayV2::Integration",
    },
    "WebSocketApidisconnectRouteDisconnectIntegrationPermissionAE705904": {
      "Properties": {
        "Action": "lambda:InvokeFunction",
        "FunctionName": {
          "Fn::GetAtt": [
            "WsDisconnectFunction340F3D71",
            "Arn",
          ],
        },
        "Principal": "apigateway.amazonaws.com",
        "SourceArn": {
          "Fn::Join": [
            "",
            [
              "arn:",
              {
                "Ref": "AWS::Partition",
              },
              ":execute-api:",
              {
                "Ref": "AWS::Region",
              },
              ":",
              {
                "Ref": "AWS::AccountId",
              },
              ":",
              {
                "Ref": "WebSocketApi34BCF99B",
              },
              "/*$disconnect",
            ],
          ],
        },
      },
      "Type": "AWS::Lambda::Permission",
    },
    "WebSocketStageC46B7E43": {
      "Properties": {
        "ApiId": {
          "Ref": "WebSocketApi34BCF99B",
        },
        "AutoDeploy": true,
        "StageName": "v1",
      },
      "Type": "AWS::ApiGatewayV2::Stage",
    },
    "WsConnectFunction1B8FD7A0": {
      "DependsOn": [
        "WsConnectFunctionServiceRoleDefaultPolicyC923FA46",
        "WsConnectFunctionServiceRoleCE3E3163",
      ],
      "Properties": {
        "Architectures": [
          "arm64",
        ],
        "Code": {
          "S3Bucket": {
            "Fn::Sub": "cdk-hnb659fds-assets-\${AWS::AccountId}-\${AWS::Region}",
          },
          "S3Key": "<asset-hash>.zip",
        },
        "Environment": {
          "Variables": {
            "CONNECTION_TABLE_NAME": {
              "Ref": "ConnectionTable0C6E1E44",
            },
          },
        },
        "Handler": "ws-handler.connectHandler",
        "LoggingConfig": {
          "LogFormat": "JSON",
          "LogGroup": {
            "Ref": "ApplicationLambdaLogGroup59F70C75",
          },
        },
        "Role": {
          "Fn::GetAtt": [
            "WsConnectFunctionServiceRoleCE3E3163",
            "Arn",
          ],
        },
        "Runtime": "nodejs22.x",
        "Timeout": 5,
      },
      "Type": "AWS::Lambda::Function",
    },
    "WsConnectFunctionServiceRoleCE3E3163": {
      "Properties": {
        "AssumeRolePolicyDocument": {
          "Statement": [
            {
              "Action": "sts:AssumeRole",
              "Effect": "Allow",
              "Principal": {
                "Service": "lambda.amazonaws.com",
              },
            },
          ],
          "Version": "2012-10-17",
        },
        "ManagedPolicyArns": [
          {
            "Fn::Join": [
              "",
              [
                "arn:",
                {
                  "Ref": "AWS::Partition",
                },
                ":iam::aws:policy/service-role/AWSLambdaBasicExecutionRole",
              ],
            ],
          },
        ],
      },
      "Type": "AWS::IAM::Role",
    },
    "WsConnectFunctionServiceRoleDefaultPolicyC923FA46": {
      "Properties": {
        "PolicyDocument": {
          "Statement": [
            {
              "Action": [
                "dynamodb:BatchGetItem",
                "dynamodb:Query",
                "dynamodb:GetItem",
                "dynamodb:Scan",
                "dynamodb:ConditionCheckItem",
                "dynamodb:BatchWriteItem",
                "dynamodb:PutItem",
                "dynamodb:UpdateItem",
                "dynamodb:DeleteItem",
                "dynamodb:DescribeTable",
              ],
              "Effect": "Allow",
              "Resource": [
                {
                  "Fn::GetAtt": [
                    "ConnectionTable0C6E1E44",
                    "Arn",
                  ],
                },
                {
                  "Fn::Join": [
                    "",
                    [
                      {
                        "Fn::GetAtt": [
                          "ConnectionTable0C6E1E44",
                          "Arn",
                        ],
                      },
                      "/index/*",
                    ],
                  ],
                },
              ],
            },
            {
              "Action": [
                "dynamodb:GetRecords",
                "dynamodb:GetShardIterator",
              ],
              "Effect": "Allow",
              "Resource": [
                {
                  "Fn::GetAtt": [
                    "ConnectionTable0C6E1E44",
                    "Arn",
                  ],
                },
                {
                  "Fn::Join": [
                    "",
                    [
                      {
                        "Fn::GetAtt": [
                          "ConnectionTable0C6E1E44",
                          "Arn",
                        ],
                      },
                      "/index/*",
                    ],
                  ],
                },
              ],
            },
          ],
          "Version": "2012-10-17",
        },
        "PolicyName": "WsConnectFunctionServiceRoleDefaultPolicyC923FA46",
        "Roles": [
          {
            "Ref": "WsConnectFunctionServiceRoleCE3E3163",
          },
        ],
      },
      "Type": "AWS::IAM::Policy",
    },
    "WsDisconnectFunction340F3D71": {
      "DependsOn": [
        "WsDisconnectFunctionServiceRoleDefaultPolicyC0F5D4B5",
        "WsDisconnectFunctionServiceRoleEBDDAD2B",
      ],
      "Properties": {
        "Architectures": [
          "arm64",
        ],
        "Code": {
          "S3Bucket": {
            "Fn::Sub": "cdk-hnb659fds-assets-\${AWS::AccountId}-\${AWS::Region}",
          },
          "S3Key": "<asset-hash>.zip",
        },
        "Environment": {
          "Variables": {
            "CONNECTION_TABLE_NAME": {
              "Ref": "ConnectionTable0C6E1E44",
            },
          },
        },
        "Handler": "ws-handler.disconnectHandler",
        "LoggingConfig": {
          "LogFormat": "JSON",
          "LogGroup": {
            "Ref": "ApplicationLambdaLogGroup59F70C75",
          },
        },
        "Role": {
          "Fn::GetAtt": [
            "WsDisconnectFunctionServiceRoleEBDDAD2B",
            "Arn",
          ],
        },
        "Runtime": "nodejs22.x",
        "Timeout": 5,
      },
      "Type": "AWS::Lambda::Function",
    },
    "WsDisconnectFunctionServiceRoleDefaultPolicyC0F5D4B5": {
      "Properties": {
        "PolicyDocument": {
          "Statement": [
            {
              "Action": [
                "dynamodb:BatchGetItem",
                "dynamodb:Query",
                "dynamodb:GetItem",
                "dynamodb:Scan",
                "dynamodb:ConditionCheckItem",
                "dynamodb:BatchWriteItem",
                "dynamodb:PutItem",
                "dynamodb:UpdateItem",
                "dynamodb:DeleteItem",
                "dynamodb:DescribeTable",
              ],
              "Effect": "Allow",
              "Resource": [
                {
                  "Fn::GetAtt": [
                    "ConnectionTable0C6E1E44",
                    "Arn",
                  ],
                },
                {
                  "Fn::Join": [
                    "",
                    [
                      {
                        "Fn::GetAtt": [
                          "ConnectionTable0C6E1E44",
                          "Arn",
                        ],
                      },
                      "/index/*",
                    ],
                  ],
                },
              ],
            },
            {
              "Action": [
                "dynamodb:GetRecords",
                "dynamodb:GetShardIterator",
              ],
              "Effect": "Allow",
              "Resource": [
                {
                  "Fn::GetAtt": [
                    "ConnectionTable0C6E1E44",
                    "Arn",
                  ],
                },
                {
                  "Fn::Join": [
                    "",
                    [
                      {
                        "Fn::GetAtt": [
                          "ConnectionTable0C6E1E44",
                          "Arn",
                        ],
                      },
                      "/index/*",
                    ],
                  ],
                },
              ],
            },
          ],
          "Version": "2012-10-17",
        },
        "PolicyName": "WsDisconnectFunctionServiceRoleDefaultPolicyC0F5D4B5",
        "Roles": [
          {
            "Ref": "WsDisconnectFunctionServiceRoleEBDDAD2B",
          },
        ],
      },
      "Type": "AWS::IAM::Policy",
    },
    "WsDisconnectFunctionServiceRoleEBDDAD2B": {
      "Properties": {
        "AssumeRolePolicyDocument": {
          "Statement": [
            {
              "Action": "sts:AssumeRole",
              "Effect": "Allow",
              "Principal": {
                "Service": "lambda.amazonaws.com",
              },
            },
          ],
          "Version": "2012-10-17",
        },
        "ManagedPolicyArns": [
          {
            "Fn::Join": [
              "",
              [
                "arn:",
                {
                  "Ref": "AWS::Partition",
                },
                ":iam::aws:policy/service-role/AWSLambdaBasicExecutionRole",
              ],
            ],
          },
        ],
      },
      "Type": "AWS::IAM::Role",
    },
    "WsMessageFunction3772EA9D": {
      "DependsOn": [
        "WsMessageFunctionServiceRoleDefaultPolicyA2E774AC",
        "WsMessageFunctionServiceRole042576DF",
      ],
      "Properties": {
        "Architectures": [
          "arm64",
        ],
        "Code": {
          "S3Bucket": {
            "Fn::Sub": "cdk-hnb659fds-assets-\${AWS::AccountId}-\${AWS::Region}",
          },
          "S3Key": "<asset-hash>.zip",
        },
        "Environment": {
          "Variables": {
            "CONNECTION_TABLE_NAME": {
              "Ref": "ConnectionTable0C6E1E44",
            },
            "GAME_TABLE_NAME": {
              "Ref": "GameTable0C79FC62",
            },
          },
        },
        "Handler": "ws-handler.messageHandler",
        "LoggingConfig": {
          "LogFormat": "JSON",
          "LogGroup": {
            "Ref": "ApplicationLambdaLogGroup59F70C75",
          },
        },
        "Role": {
          "Fn::GetAtt": [
            "WsMessageFunctionServiceRole042576DF",
            "Arn",
          ],
        },
        "Runtime": "nodejs22.x",
        "Timeout": 10,
      },
      "Type": "AWS::Lambda::Function",
    },
    "WsMessageFunctionServiceRole042576DF": {
      "Properties": {
        "AssumeRolePolicyDocument": {
          "Statement": [
            {
              "Action": "sts:AssumeRole",
              "Effect": "Allow",
              "Principal": {
                "Service": "lambda.amazonaws.com",
              },
            },
          ],
          "Version": "2012-10-17",
        },
        "ManagedPolicyArns": [
          {
            "Fn::Join": [
              "",
              [
                "arn:",
                {
                  "Ref": "AWS::Partition",
                },
                ":iam::aws:policy/service-role/AWSLambdaBasicExecutionRole",
              ],
            ],
          },
        ],
      },
      "Type": "AWS::IAM::Role",
    },
    "WsMessageFunctionServiceRoleDefaultPolicyA2E774AC": {
      "Properties": {
        "PolicyDocument": {
          "Statement": [
            {
              "Action": [
                "dynamodb:BatchGetItem",
                "dynamodb:Query",
                "dynamodb:GetItem",
                "dynamodb:Scan",
                "dynamodb:ConditionCheckItem",
                "dynamodb:BatchWriteItem",
                "dynamodb:PutItem",
                "dynamodb:UpdateItem",
                "dynamodb:DeleteItem",
                "dynamodb:DescribeTable",
              ],
              "Effect": "Allow",
              "Resource": [
                {
                  "Fn::GetAtt": [
                    "GameTable0C79FC62",
                    "Arn",
                  ],
                },
              ],
            },
            {
              "Action": [
                "dynamodb:GetRecords",
                "dynamodb:GetShardIterator",
              ],
              "Effect": "Allow",
              "Resource": [
                {
                  "Fn::GetAtt": [
                    "GameTable0C79FC62",
                    "Arn",
                  ],
                },
              ],
            },
            {
              "Action": [
                "dynamodb:BatchGetItem",
                "dynamodb:Query",
                "dynamodb:GetItem",
                "dynamodb:Scan",
                "dynamodb:ConditionCheckItem",
                "dynamodb:BatchWriteItem",
                "dynamodb:PutItem",
                "dynamodb:UpdateItem",
                "dynamodb:DeleteItem",
                "dynamodb:DescribeTable",
              ],
              "Effect": "Allow",
              "Resource": [
                {
                  "Fn::GetAtt": [
                    "ConnectionTable0C6E1E44",
                    "Arn",
                  ],
                },
                {
                  "Fn::Join": [
                    "",
                    [
                      {
                        "Fn::GetAtt": [
                          "ConnectionTable0C6E1E44",
                          "Arn",
                        ],
                      },
                      "/index/*",
                    ],
                  ],
                },
              ],
            },
            {
              "Action": [
                "dynamodb:GetRecords",
                "dynamodb:GetShardIterator",
              ],
              "Effect": "Allow",
              "Resource": [
                {
                  "Fn::GetAtt": [
                    "ConnectionTable0C6E1E44",
                    "Arn",
                  ],
                },
                {
                  "Fn::Join": [
                    "",
                    [
                      {
                        "Fn::GetAtt": [
                          "ConnectionTable0C6E1E44",
                          "Arn",
                        ],
                      },
                      "/index/*",
                    ],
                  ],
                },
              ],
            },
          ],
          "Version": "2012-10-17",
        },
        "PolicyName": "WsMessageFunctionServiceRoleDefaultPolicyA2E774AC",
        "Roles": [
          {
            "Ref": "WsMessageFunctionServiceRole042576DF",
          },
        ],
      },
      "Type": "AWS::IAM::Policy",
    },
  },
  "Rules": {
    "CheckBootstrapVersion": {
      "Assertions": [
        {
          "Assert": {
            "Fn::Not": [
              {
                "Fn::Contains": [
                  [
                    "1",
                    "2",
                    "3",
                    "4",
                    "5",
                  ],
                  {
                    "Ref": "BootstrapVersion",
                  },
                ],
              },
            ],
          },
          "AssertDescription": "CDK bootstrap stack version 6 required. Please run 'cdk bootstrap' with a recent version of the CDK CLI.",
        },
      ],
    },
  },
}
`;
